07-14 06:20:09.052 W/ActivityManager(  500): Scheduling restart of crashed service com.android.bluetooth/.map.BluetoothMapService in 20998ms
07-14 06:20:09.055 D/BluetoothManagerService(  500): Broadcasting onBluetoothStateChange(false) to 19 receivers.
07-14 06:20:09.055 D/BluetoothInputDevice(  585): onBluetoothStateChange: up=false
07-14 06:20:09.056 D/BluetoothAdapter(  585): 847892072: getState() :  mService = null. Returning STATE_OFF
07-14 06:20:09.056 D/BluetoothAdapter(  585): 847892072: getState() :  mService = null. Returning STATE_OFF
07-14 06:20:09.058 D/BluetoothA2dp( 1534): onBluetoothStateChange: up=false
07-14 06:20:09.059 D/BluetoothAdapter(  585): 847892072: getState() :  mService = null. Returning STATE_OFF
07-14 06:20:09.062 D/BluetoothHeadsetClient(  585): onBluetoothStateChange: up=false
07-14 06:20:09.062 E/BluetoothHeadsetClient(  585): 
07-14 06:20:09.062 E/BluetoothHeadsetClient(  585): java.lang.IllegalArgumentException: Service not registered: android.bluetooth.BluetoothHeadsetClient$2@372b9227
07-14 06:20:09.062 E/BluetoothHeadsetClient(  585): 	at android.app.LoadedApk.forgetServiceDispatcher(LoadedApk.java:1029)
07-14 06:20:09.062 E/BluetoothHeadsetClient(  585): 	at android.app.ContextImpl.unbindService(ContextImpl.java:1808)
07-14 06:20:09.062 E/BluetoothHeadsetClient(  585): 	at android.content.ContextWrapper.unbindService(ContextWrapper.java:551)
07-14 06:20:09.062 E/BluetoothHeadsetClient(  585): 	at android.bluetooth.BluetoothHeadsetClient$1.onBluetoothStateChange(BluetoothHeadsetClient.java:382)
07-14 06:20:09.062 E/BluetoothHeadsetClient(  585): 	at android.bluetooth.IBluetoothStateChangeCallback$Stub.onTransact(IBluetoothStateChangeCallback.java:55)
07-14 06:20:09.062 E/BluetoothHeadsetClient(  585): 	at android.os.Binder.execTransact(Binder.java:446)
07-14 06:20:09.062 D/BluetoothHeadset(  801): onBluetoothStateChange: up=false
07-14 06:20:09.063 D/BluetoothHeadset( 1534): onBluetoothStateChange: up=false
07-14 06:20:09.063 D/BluetoothHeadset(  500): onBluetoothStateChange: up=false
07-14 06:20:09.063 D/BluetoothMap( 1534): onBluetoothStateChange: up=false
07-14 06:20:09.064 D/BluetoothMap(  585): onBluetoothStateChange: up=false
07-14 06:20:09.064 D/BluetoothPbap( 1534): onBluetoothStateChange: up=false
07-14 06:20:09.065 D/BluetoothAvrcpController(  585): onBluetoothStateChange: up=false
07-14 06:20:09.065 D/BluetoothA2dp(  585): onBluetoothStateChange: up=false
07-14 06:20:09.066 D/BluetoothHeadset(  500): onBluetoothStateChange: up=false
07-14 06:20:09.066 D/BluetoothA2dpSink(  585): onBluetoothStateChange: up=false
07-14 06:20:09.066 D/BluetoothA2dp(  500): onBluetoothStateChange: up=false
07-14 06:20:09.067 D/BluetoothHeadset(  500): onBluetoothStateChange: up=false
07-14 06:20:09.069 D/BluetoothHeadset(  585): onBluetoothStateChange: up=false
07-14 06:20:09.076 D/BluetoothInputDevice( 1534): onBluetoothStateChange: up=false
07-14 06:20:09.084 D/BluetoothManagerService(  500): Bluetooth State Change Intent: 13 -> 10
07-14 06:20:09.086 D/BluetoothAdapter(  585): 847892072: getState() :  mService = null. Returning STATE_OFF
07-14 06:20:09.086 D/BluetoothAdapter(  585): 847892072: getState() :  mService = null. Returning STATE_OFF
07-14 06:20:09.087 D/BluetoothAdapter(  585): 847892072: getState() :  mService = null. Returning STATE_OFF
07-14 06:20:09.196 D/BluetoothManagerService(  500): Message: 42
07-14 06:20:09.196 D/BluetoothManagerService(  500): MESSAGE_RESTART_BLUETOOTH_SERVICE: Restart IBluetooth service
07-14 06:20:09.246 I/ActivityManager(  500): Start proc 13850:com.android.bluetooth/1002 for service com.android.bluetooth/.btservice.AdapterService
07-14 06:20:09.271 W/ResourcesManager(13850): Asset path '/system/framework/javax.obex.jar' does not exist or contains no resources.
07-14 06:20:09.293 E/RTKBT   (13850): jniRegisterNativeMethods
07-14 06:20:09.299 D/AdapterServiceConfig(13850): Adding RtkbtService
07-14 06:20:09.299 D/AdapterServiceConfig(13850): Adding HeadsetService
07-14 06:20:09.299 D/AdapterServiceConfig(13850): Adding A2dpService
07-14 06:20:09.300 D/AdapterServiceConfig(13850): Adding A2dpSinkService
07-14 06:20:09.300 D/AdapterServiceConfig(13850): Adding HidService
07-14 06:20:09.300 D/AdapterServiceConfig(13850): Adding HealthService
07-14 06:20:09.300 D/AdapterServiceConfig(13850): Adding PanService
07-14 06:20:09.300 D/AdapterServiceConfig(13850): Adding GattService
07-14 06:20:09.300 D/AdapterServiceConfig(13850): Adding BluetoothMapService
07-14 06:20:09.300 D/AdapterServiceConfig(13850): Adding AvrcpControllerService
07-14 06:20:09.315 D/BluetoothManagerService(  500): Message: 20
07-14 06:20:09.315 D/BluetoothManagerService(  500): Added callback: android.bluetooth.IBluetoothManagerCallback$Stub$Proxy@17a6188a:true
07-14 06:20:09.316 D/BluetoothAdapterState(13850): make
07-14 06:20:09.320 I/bluedroid(13850): init
07-14 06:20:09.320 I/BluetoothAdapterState(13850): Entering OffState
07-14 06:20:09.322 I/bte_conf(13850): bte_load_conf attempt to load stack conf from /etc/bluetooth/bt_stack.conf
07-14 06:20:09.322 I/        (13850): BTE_InitTraceLevels -- TRC_HCI
07-14 06:20:09.322 I/        (13850): BTE_InitTraceLevels -- TRC_L2CAP
07-14 06:20:09.322 I/        (13850): BTE_InitTraceLevels -- TRC_RFCOMM
07-14 06:20:09.322 I/        (13850): BTE_InitTraceLevels -- TRC_AVCT
07-14 06:20:09.322 W/bt-avp  (13850): avct_cb.trace_level = 2
07-14 06:20:09.323 I/        (13850): BTE_InitTraceLevels -- TRC_AVDT
07-14 06:20:09.323 I/        (13850): BTE_InitTraceLevels -- TRC_AVRC
07-14 06:20:09.323 I/        (13850): BTE_InitTraceLevels -- TRC_A2D
07-14 06:20:09.323 I/        (13850): BTE_InitTraceLevels -- TRC_BNEP
07-14 06:20:09.323 I/        (13850): BTE_InitTraceLevels -- TRC_BTM
07-14 06:20:09.323 I/        (13850): BTE_InitTraceLevels -- TRC_GAP
07-14 06:20:09.323 I/        (13850): BTE_InitTraceLevels -- TRC_PAN
07-14 06:20:09.323 I/        (13850): BTE_InitTraceLevels -- TRC_SDP
07-14 06:20:09.323 I/        (13850): BTE_InitTraceLevels -- TRC_GATT
07-14 06:20:09.323 I/        (13850): BTE_InitTraceLevels -- TRC_SMP
07-14 06:20:09.323 I/        (13850): BTE_InitTraceLevels -- TRC_BTAPP
07-14 06:20:09.323 I/        (13850): BTE_InitTraceLevels -- TRC_BTIF
07-14 06:20:09.323 I/        (13850): BTE_InitTraceLevels -- TRC_HID
07-14 06:20:09.323 I/bte_conf(13850): bte_load_rtkbt_conf attempt to load rtkbt conf from /etc/bluetooth/rtkbt.conf
07-14 06:20:09.323 I/bte_conf(13850): bte_load_ble_conf attempt to load ble stack conf from /etc/bluetooth/ble_stack.conf
07-14 06:20:09.323 E/bt_osi_config(13850): config_new unable to open file '/etc/bluetooth/ble_stack.conf': No such file or directory
07-14 06:20:09.323 I/bte_conf(13850): bte_load_ble_conf file >/etc/bluetooth/ble_stack.conf< not found
07-14 06:20:09.323 I/bluedroid(13850): get_profile_interface socket
07-14 06:20:09.323 I/GKI_LINUX(13850): gki_task_entry task_id=1 [BTIF] starting
07-14 06:20:09.323 I/bluedroid(13850): get_profile_interface map_client
07-14 06:20:09.323 I/bt-btif (13850): HAL bt_hal_cbacks->thread_evt_cb
07-14 06:20:09.324 I/bt-btif (13850): HAL bt_hal_cbacks->adapter_properties_cb
07-14 06:20:09.325 D/BluetoothAdapterProperties(13850): Address is:54:C9:DF:6C:9D:53
07-14 06:20:09.325 I/bt-btif (13850): HAL bt_hal_cbacks->adapter_properties_cb
07-14 06:20:09.326 D/BluetoothAdapterProperties(13850): Name is: 54C9DF6C9D53
07-14 06:20:09.327 D/BluetoothManagerService(  500): Bluetooth Adapter name changed to 54C9DF6C9D53
07-14 06:20:09.327 D/BluetoothManagerService(  500): Stored Bluetooth name: 54C9DF6C9D53
07-14 06:20:09.411 I/art     (  500): Explicit concurrent mark sweep GC freed 7807(387KB) AllocSpace objects, 0(0B) LOS objects, 33% free, 7MB/11MB, paused 2.528ms total 79.510ms
07-14 06:20:09.411 D/BluetoothManagerService(  500): BluetoothServiceConnection: com.android.bluetooth.btservice.AdapterService
07-14 06:20:09.412 D/BluetoothManagerService(  500): Message: 40
07-14 06:20:09.412 D/BluetoothManagerService(  500): MESSAGE_BLUETOOTH_SERVICE_CONNECTED: 1
07-14 06:20:09.412 I/bluedroid(13850): config_hci_snoop_log
07-14 06:20:09.414 D/BluetoothManagerService(  500): Calling onBluetoothServiceUp callbacks
07-14 06:20:09.414 D/BluetoothManagerService(  500): Broadcasting onBluetoothServiceUp() to 7 receivers.
07-14 06:20:09.415 I/BtGatt.JNI(13850): classInitNative(L873): classInitNative: Success!
07-14 06:20:09.418 D/BluetoothAdapterState(13850): CURRENT_STATE=OFF, MESSAGE = USER_TURN_ON
07-14 06:20:09.418 D/BluetoothAdapterProperties(13850): Setting state to 11
07-14 06:20:09.418 I/BluetoothAdapterState(13850): Bluetooth adapter state changed: 10-> 11
07-14 06:20:09.419 D/BluetoothManagerService(  500): Message: 60
07-14 06:20:09.419 D/BluetoothManagerService(  500): MESSAGE_BLUETOOTH_STATE_CHANGE: prevState = 10, newState=11
07-14 06:20:09.419 D/BluetoothManagerService(  500): Bluetooth State Change Intent: 10 -> 11
07-14 06:20:09.420 D/BluetoothBondStateMachine(13850): make
07-14 06:20:09.440 W/BluetoothProfileService(13850): onCreate, null mAdapterService
07-14 06:20:09.442 I/BluetoothBondStateMachine(13850): StableState(): Entering Off State
07-14 06:20:09.448 D/BluetoothManagerService(  500): BluetoothServiceConnection: com.android.bluetooth.gatt.GattService
07-14 06:20:09.448 D/BluetoothManagerService(  500): Message: 40
07-14 06:20:09.448 D/BluetoothManagerService(  500): MESSAGE_BLUETOOTH_SERVICE_CONNECTED: 2
07-14 06:20:09.448 D/RtkbtService(13850): initBinder()
07-14 06:20:09.449 D/BluetoothAdapterService(13850): getAdapterService() - returning com.android.bluetooth.btservice.AdapterService@5b2f4cf
07-14 06:20:09.455 D/RtkbtService(13850): Received start request. Starting profile...
07-14 06:20:09.455 D/RtkbtService(13850): start RTKBT Service
07-14 06:20:09.455 I/RTKBT   (13850): InitNative
07-14 06:20:09.455 I/bluedroid(13850): get_profile_interface rtkbt
07-14 06:20:09.455 I/bt-btif (13850): btif_rtkbt_get_interface
07-14 06:20:09.455 I/bt-btif (13850): init RTKBT_API_VERSION: 01010100
07-14 06:20:09.456 I/bt-btif (13850): loadconfig(/system/etc/bluetooth//rtkbt_plugin_.conf) ... 
07-14 06:20:09.456 I/RTKBT_API(13850): rtkbt_loadconfig(/system/etc/bluetooth//rtkbt_plugin_.conf) load!
07-14 06:20:09.456 W/RTKBT_API(13850): rtkbt_loadconfig(/system/etc/bluetooth//rtkbt_plugin_.conf) open fail!
07-14 06:20:09.456 I/bt-btif (13850): loadplugins(/system/lib/rtkbt/.so) ... 
07-14 06:20:09.456 E/bt-btif (13850): dlopen(/system/lib/rtkbt/.so) fail!
07-14 06:20:09.456 E/RTKBT   (13850): Bluetooth rtkbt successfully
07-14 06:20:09.456 D/RtkbtService(13850): setRtkbtService(): set to: com.android.bluetooth.rtkbt.RtkbtService@30ede92
07-14 06:20:09.457 I/BluetoothAdapterState(13850): Entering PendingCommandState State: isTurningOn()=true, isTurningOff()=false
07-14 06:20:09.458 D/BluetoothAdapterService(13850): getAdapterService() - returning com.android.bluetooth.btservice.AdapterService@5b2f4cf
07-14 06:20:09.458 D/HeadsetService(13850): Received start request. Starting profile...
07-14 06:20:09.460 I/BluetoothHeadsetServiceJni(13850): classInitNative: succeeds
07-14 06:20:09.460 D/HeadsetStateMachine(13850): make
07-14 06:20:09.467 D/HeadsetStateMachine(13850): max_hf_connections = 1
07-14 06:20:09.467 I/bluedroid(13850): get_profile_interface handsfree
07-14 06:20:09.469 D/HeadsetStateMachine(13850): Enter Disconnected: -2, size: 0
07-14 06:20:09.472 D/BluetoothAdapterService(13850): getAdapterService() - returning com.android.bluetooth.btservice.AdapterService@5b2f4cf
07-14 06:20:09.472 D/A2dpService(13850): Received start request. Starting profile...
07-14 06:20:09.473 I/BluetoothAvrcpServiceJni(13850): classInitNative: succeeds
07-14 06:20:09.473 I/bluedroid(13850): get_profile_interface avrcp
07-14 06:20:09.481 E/RemoteController(13850): Cannot set synchronization mode on an unregistered RemoteController
07-14 06:20:09.481 I/BluetoothA2dpServiceJni(13850): classInitNative: succeeds
07-14 06:20:09.481 D/A2dpStateMachine(13850): make
07-14 06:20:09.482 I/bluedroid(13850): get_profile_interface a2dp
07-14 06:20:09.483 I/GKI_LINUX(13850): gki_task_entry task_id=2 [A2DP-MEDIA] starting
07-14 06:20:09.484 D/A2dpStateMachine(13850): Enter Disconnected: -2
07-14 06:20:09.486 D/BluetoothAdapterService(13850): getAdapterService() - returning com.android.bluetooth.btservice.AdapterService@5b2f4cf
07-14 06:20:09.487 D/A2dpSinkService(13850): Received start request. Starting profile...
07-14 06:20:09.487 I/BluetoothA2dpSinkServiceJni(13850): classInitNative: succeeds
07-14 06:20:09.487 D/A2dpSinkStateMachine(13850): make
07-14 06:20:09.488 I/bluedroid(13850): get_profile_interface a2dp_sink
07-14 06:20:09.488 E/GKI_LINUX(13850): GKI_exception(): Task State Table
07-14 06:20:09.488 E/GKI_LINUX(13850): TASK ID [0] task name [(null)] state [0]
07-14 06:20:09.488 E/GKI_LINUX(13850): TASK ID [1] task name [BTIF] state [1]
07-14 06:20:09.488 E/GKI_LINUX(13850): TASK ID [2] task name [A2DP-MEDIA] state [1]
07-14 06:20:09.488 E/GKI_LINUX(13850): GKI_exception 65531 Sending to unknown dest
07-14 06:20:09.488 E/GKI_LINUX(13850): ********************************************************************
07-14 06:20:09.488 E/GKI_LINUX(13850): * GKI_exception(): 65531 Sending to unknown dest
07-14 06:20:09.489 E/GKI_LINUX(13850): ********************************************************************
07-14 06:20:09.490 D/A2dpSinkStateMachine(13850): Enter Disconnected: -2
07-14 06:20:09.491 I/BluetoothHidServiceJni(13850): classInitNative: succeeds
07-14 06:20:09.492 D/BluetoothAdapterService(13850): getAdapterService() - returning com.android.bluetooth.btservice.AdapterService@5b2f4cf
07-14 06:20:09.493 D/HidService(13850): Received start request. Starting profile...
07-14 06:20:09.493 I/bluedroid(13850): get_profile_interface hidhost
07-14 06:20:09.494 I/BluetoothHealthServiceJni(13850): classInitNative: succeeds
07-14 06:20:09.495 D/BluetoothAdapterService(13850): getAdapterService() - returning com.android.bluetooth.btservice.AdapterService@5b2f4cf
07-14 06:20:09.496 D/HealthService(13850): Received start request. Starting profile...
07-14 06:20:09.497 I/bluedroid(13850): get_profile_interface health
07-14 06:20:09.498 I/BluetoothPanServiceJni(13850): classInitNative(L105): succeeds
07-14 06:20:09.502 D/BluetoothAdapterService(13850): getAdapterService() - returning com.android.bluetooth.btservice.AdapterService@5b2f4cf
07-14 06:20:09.503 D/PanService(13850): Received start request. Starting profile...
07-14 06:20:09.503 D/BluetoothPanServiceJni(13850): initializeNative(L110): pan
07-14 06:20:09.504 I/bluedroid(13850): get_profile_interface pan
07-14 06:20:09.506 D/BtGatt.DebugUtils(13850): handleDebugAction() action=null
07-14 06:20:09.507 D/BtGatt.GattService(13850): Received start request. Starting profile...
07-14 06:20:09.507 D/BtGatt.GattService(13850): start()
07-14 06:20:09.507 I/bluedroid(13850): get_profile_interface gatt
07-14 06:20:09.507 D/BluetoothAdapterService(13850): getAdapterService() - returning com.android.bluetooth.btservice.AdapterService@5b2f4cf
07-14 06:20:09.507 D/BtGatt.AdvertiseManager(13850): advertise manager created
07-14 06:20:09.516 D/BluetoothAdapterService(13850): getAdapterService() - returning com.android.bluetooth.btservice.AdapterService@5b2f4cf
07-14 06:20:09.517 D/BluetoothMapService(13850): Received start request. Starting profile...
07-14 06:20:09.517 D/BluetoothMapService(13850): start()
07-14 06:20:09.522 D/BluetoothMapEmailSettingsLoader(13850): Found 0 applications
07-14 06:20:09.523 D/BluetoothMapEmailAppObserver(13850): createReceiver()
07-14 06:20:09.524 D/BluetoothMapEmailAppObserver(13850): initObservers()
07-14 06:20:09.524 D/BluetoothMapEmailAppObserver(13850): getEnabledAccountItems()
07-14 06:20:09.532 I/BluetoothAvrcpControllerJni(13850): classInitNative: succeeds
07-14 06:20:09.532 I/bluedroid(13850): get_profile_interface avrcp_ctrl
07-14 06:20:09.533 D/BluetoothAdapterService(13850): getAdapterService() - returning com.android.bluetooth.btservice.AdapterService@5b2f4cf
07-14 06:20:09.533 D/AvrcpControllerService(13850): Received start request. Starting profile...
07-14 06:20:09.536 D/HeadsetStateMachine(13850): Proxy object connected
07-14 06:20:09.537 D/HeadsetStateMachine(13850): Disconnected process message: 10, size: 0
07-14 06:20:10.720 I/Choreographer( 1534): Skipped 226 frames!  The application may be doing too much work on its main thread.
07-14 06:20:10.735 V/BluetoothDiscoveryReceiver( 1534): Received: android.bluetooth.adapter.action.DISCOVERY_STARTED
07-14 06:20:10.743 D/BluetoothEventManager( 1534): DeviceFoundHandler created new CachedBluetoothDevice: E6:07:ED:26:8E:86
07-14 06:20:10.749 D/BluetoothEventManager( 1534): DeviceFoundHandler created new CachedBluetoothDevice: A0:2C:36:03:91:A8
07-14 06:20:10.749 D/BluetoothA2dp( 1534): Proxy object disconnected
07-14 06:20:10.749 D/A2dpProfile( 1534): Bluetooth service disconnected
07-14 06:20:10.749 D/BluetoothMap( 1534): Proxy object disconnected
07-14 06:20:10.749 D/MapProfile( 1534): Bluetooth service disconnected
07-14 06:20:10.749 D/BluetoothPan( 1534): BluetoothPAN Proxy object disconnected
07-14 06:20:10.750 D/PanProfile( 1534): Bluetooth service disconnected
07-14 06:20:10.750 D/BluetoothPbap( 1534): Proxy object disconnected
07-14 06:20:10.750 D/PbapServerProfile( 1534): Bluetooth service disconnected
07-14 06:20:10.750 D/HeadsetProfile( 1534): Bluetooth service disconnected
07-14 06:20:10.750 D/BluetoothInputDevice( 1534): Proxy object disconnected
07-14 06:20:10.750 D/HidProfile( 1534): Bluetooth service disconnected
07-14 06:20:10.789 W/ContextImpl( 1534): Calling a method in the system process without a qualified user: android.app.ContextImpl.startService:1692 android.content.ContextWrapper.startService:516 android.content.ContextWrapper.startService:516 com.android.settings.bluetooth.DockEventReceiver.beginStartingService:134 com.android.settings.bluetooth.DockEventReceiver.onReceive:115 
07-14 06:20:10.802 D/AuthorizationBluetoothService(  952): Received Bluetooth event: Intent { act=android.bluetooth.adapter.action.STATE_CHANGED flg=0x4000010 cmp=com.google.android.gms/.auth.be.proximity.authorization.bt.AuthorizationBluetoothService$BluetoothStateChangeReceiver (has extras) }.
07-14 06:20:10.804 D/Index   ( 1534): Deleting data for locale 'en_US' took 11 millis
07-14 06:20:10.809 D/Index   ( 1534): Indexing locale 'en_US' took 5 millis
07-14 06:20:10.820 D/DockEventReceiver( 1534): finishStartingService: stopping service
07-14 06:20:10.838 W/ContextImpl( 1534): Calling a method in the system process without a qualified user: android.app.ContextImpl.startService:1692 android.content.ContextWrapper.startService:516 android.content.ContextWrapper.startService:516 com.android.settings.bluetooth.DockEventReceiver.beginStartingService:134 com.android.settings.bluetooth.DockEventReceiver.onReceive:115 
07-14 06:20:10.844 D/AuthorizationBluetoothService(  952): Received Bluetooth event: Intent { act=android.bluetooth.adapter.action.STATE_CHANGED flg=0x4000010 cmp=com.google.android.gms/.auth.be.proximity.authorization.bt.AuthorizationBluetoothService$BluetoothStateChangeReceiver (has extras) }.
07-14 06:20:10.853 D/DockEventReceiver( 1534): finishStartingService: stopping service
07-14 06:20:10.858 D/AuthorizationBluetoothService(  952): Received Bluetooth event: Intent { act=android.bluetooth.adapter.action.STATE_CHANGED flg=0x4000010 cmp=com.google.android.gms/.auth.be.proximity.authorization.bt.AuthorizationBluetoothService$BluetoothStateChangeReceiver (has extras) }.
07-14 06:20:11.999 D/BluetoothManagerService(  500): Message: 401
07-14 06:20:12.001 D/BluetoothHeadset( 1534): Proxy object connected
07-14 06:20:12.002 D/BluetoothHeadset(  500): Proxy object connected
07-14 06:20:12.002 D/HeadsetProfile( 1534): Bluetooth service connected
07-14 06:20:12.002 D/BluetoothHeadset(  801): Proxy object connected
07-14 06:20:12.002 D/BluetoothHeadset(  500): Proxy object connected
07-14 06:20:12.003 D/BluetoothHeadset(  585): Proxy object connected
07-14 06:20:12.003 D/BluetoothHeadset(  500): Proxy object connected
07-14 06:20:14.424 D/BluetoothAdapterState(13850): CURRENT_STATE=PENDING, MESSAGE = START_TIMEOUT, isTurningOn=true, isTurningOff=false
07-14 06:20:14.424 E/BluetoothAdapterState(13850): Error enabling Bluetooth
07-14 06:20:14.424 D/BluetoothAdapterProperties(13850): Setting state to 10
07-14 06:20:14.424 I/BluetoothAdapterState(13850): Bluetooth adapter state changed: 11-> 10
07-14 06:20:14.425 D/BluetoothManagerService(  500): Message: 60
07-14 06:20:14.425 D/BluetoothManagerService(  500): MESSAGE_BLUETOOTH_STATE_CHANGE: prevState = 11, newState=10
07-14 06:20:14.425 D/BluetoothManagerService(  500): Broadcasting onBluetoothStateChange(false) to 19 receivers.
07-14 06:20:14.425 D/BluetoothInputDevice(  585): onBluetoothStateChange: up=false
07-14 06:20:14.426 E/BluetoothInputDevice(  585): 
07-14 06:20:14.426 E/BluetoothInputDevice(  585): java.lang.IllegalArgumentException: Service not registered: android.bluetooth.BluetoothInputDevice$2@15616914
07-14 06:20:14.426 E/BluetoothInputDevice(  585): 	at android.app.LoadedApk.forgetServiceDispatcher(LoadedApk.java:1029)
07-14 06:20:14.426 E/BluetoothInputDevice(  585): 	at android.app.ContextImpl.unbindService(ContextImpl.java:1808)
07-14 06:20:14.426 E/BluetoothInputDevice(  585): 	at android.content.ContextWrapper.unbindService(ContextWrapper.java:551)
07-14 06:20:14.426 E/BluetoothInputDevice(  585): 	at android.bluetooth.BluetoothInputDevice$1.onBluetoothStateChange(BluetoothInputDevice.java:216)
07-14 06:20:14.426 E/BluetoothInputDevice(  585): 	at android.bluetooth.IBluetoothStateChangeCallback$Stub.onTransact(IBluetoothStateChangeCallback.java:55)
07-14 06:20:14.426 E/BluetoothInputDevice(  585): 	at android.os.Binder.execTransact(Binder.java:446)
07-14 06:20:14.426 D/BluetoothA2dp( 1534): onBluetoothStateChange: up=false
07-14 06:20:14.427 E/BluetoothA2dp( 1534): 
07-14 06:20:14.427 E/BluetoothA2dp( 1534): java.lang.IllegalArgumentException: Service not registered: android.bluetooth.BluetoothA2dp$2@33d3460
07-14 06:20:14.427 E/BluetoothA2dp( 1534): 	at android.app.LoadedApk.forgetServiceDispatcher(LoadedApk.java:1029)
07-14 06:20:14.427 E/BluetoothA2dp( 1534): 	at android.app.ContextImpl.unbindService(ContextImpl.java:1808)
07-14 06:20:14.427 E/BluetoothA2dp( 1534): 	at android.content.ContextWrapper.unbindService(ContextWrapper.java:551)
07-14 06:20:14.427 E/BluetoothA2dp( 1534): 	at android.bluetooth.BluetoothA2dp$1.onBluetoothStateChange(BluetoothA2dp.java:126)
07-14 06:20:14.427 E/BluetoothA2dp( 1534): 	at android.bluetooth.IBluetoothStateChangeCallback$Stub.onTransact(IBluetoothStateChangeCallback.java:55)
07-14 06:20:14.427 E/BluetoothA2dp( 1534): 	at android.os.Binder.execTransact(Binder.java:446)
07-14 06:20:14.427 I/BluetoothAdapterState(13850): Entering OffState
07-14 06:20:14.427 D/BluetoothHeadsetClient(  585): onBluetoothStateChange: up=false
07-14 06:20:14.427 E/BluetoothHeadsetClient(  585): 
07-14 06:20:14.427 E/BluetoothHeadsetClient(  585): java.lang.IllegalArgumentException: Service not registered: android.bluetooth.BluetoothHeadsetClient$2@372b9227
07-14 06:20:14.427 E/BluetoothHeadsetClient(  585): 	at android.app.LoadedApk.forgetServiceDispatcher(LoadedApk.java:1029)
07-14 06:20:14.427 E/BluetoothHeadsetClient(  585): 	at android.app.ContextImpl.unbindService(ContextImpl.java:1808)
07-14 06:20:14.427 E/BluetoothHeadsetClient(  585): 	at android.content.ContextWrapper.unbindService(ContextWrapper.java:551)
07-14 06:20:14.427 E/BluetoothHeadsetClient(  585): 	at android.bluetooth.BluetoothHeadsetClient$1.onBluetoothStateChange(BluetoothHeadsetClient.java:382)
07-14 06:20:14.427 E/BluetoothHeadsetClient(  585): 	at android.bluetooth.IBluetoothStateChangeCallback$Stub.onTransact(IBluetoothStateChangeCallback.java:55)
07-14 06:20:14.427 E/BluetoothHeadsetClient(  585): 	at android.os.Binder.execTransact(Binder.java:446)
07-14 06:20:14.428 D/BluetoothHeadset(  801): onBluetoothStateChange: up=false
07-14 06:20:14.429 D/BluetoothHeadset(  801): Proxy object disconnected
07-14 06:20:14.430 D/BluetoothHeadset( 1534): onBluetoothStateChange: up=false
07-14 06:20:14.430 D/BluetoothHeadset( 1534): Proxy object disconnected
07-14 06:20:14.431 D/HeadsetProfile( 1534): Bluetooth service disconnected
07-14 06:20:14.431 D/BluetoothHeadset(  500): onBluetoothStateChange: up=false
07-14 06:20:14.431 D/BluetoothHeadset(  500): Proxy object disconnected
07-14 06:20:14.431 D/BluetoothMap( 1534): onBluetoothStateChange: up=false
07-14 06:20:14.432 E/BluetoothMap( 1534): 
07-14 06:20:14.432 E/BluetoothMap( 1534): java.lang.IllegalArgumentException: Service not registered: android.bluetooth.BluetoothMap$2@1a850565
07-14 06:20:14.432 E/BluetoothMap( 1534): 	at android.app.LoadedApk.forgetServiceDispatcher(LoadedApk.java:1029)
07-14 06:20:14.432 E/BluetoothMap( 1534): 	at android.app.ContextImpl.unbindService(ContextImpl.java:1808)
07-14 06:20:14.432 E/BluetoothMap( 1534): 	at android.content.ContextWrapper.unbindService(ContextWrapper.java:551)
07-14 06:20:14.432 E/BluetoothMap( 1534): 	at android.bluetooth.BluetoothMap$1.onBluetoothStateChange(BluetoothMap.java:64)
07-14 06:20:14.432 E/BluetoothMap( 1534): 	at android.bluetooth.IBluetoothStateChangeCallback$Stub.onTransact(IBluetoothStateChangeCallback.java:55)
07-14 06:20:14.432 E/BluetoothMap( 1534): 	at android.os.Binder.execTransact(Binder.java:446)
07-14 06:20:14.432 D/BluetoothMap(  585): onBluetoothStateChange: up=false
07-14 06:20:14.432 E/BluetoothMap(  585): 
07-14 06:20:14.432 E/BluetoothMap(  585): java.lang.IllegalArgumentException: Service not registered: android.bluetooth.BluetoothMap$2@21f605bd
07-14 06:20:14.432 E/BluetoothMap(  585): 	at android.app.LoadedApk.forgetServiceDispatcher(LoadedApk.java:1029)
07-14 06:20:14.432 E/BluetoothMap(  585): 	at android.app.ContextImpl.unbindService(ContextImpl.java:1808)
07-14 06:20:14.432 E/BluetoothMap(  585): 	at android.content.ContextWrapper.unbindService(ContextWrapper.java:551)
07-14 06:20:14.432 E/BluetoothMap(  585): 	at android.bluetooth.BluetoothMap$1.onBluetoothStateChange(BluetoothMap.java:64)
07-14 06:20:14.432 E/BluetoothMap(  585): 	at android.bluetooth.IBluetoothStateChangeCallback$Stub.onTransact(IBluetoothStateChangeCallback.java:55)
07-14 06:20:14.432 E/BluetoothMap(  585): 	at android.os.Binder.execTransact(Binder.java:446)
07-14 06:20:14.433 D/BluetoothPbap( 1534): onBluetoothStateChange: up=false
07-14 06:20:14.433 E/BluetoothPbap( 1534): 
07-14 06:20:14.433 E/BluetoothPbap( 1534): java.lang.IllegalArgumentException: Service not registered: android.bluetooth.BluetoothPbap$2@2366423a
07-14 06:20:14.433 E/BluetoothPbap( 1534): 	at android.app.LoadedApk.forgetServiceDispatcher(LoadedApk.java:1029)
07-14 06:20:14.433 E/BluetoothPbap( 1534): 	at android.app.ContextImpl.unbindService(ContextImpl.java:1808)
07-14 06:20:14.433 E/BluetoothPbap( 1534): 	at android.content.ContextWrapper.unbindService(ContextWrapper.java:551)
07-14 06:20:14.433 E/BluetoothPbap( 1534): 	at android.bluetooth.BluetoothPbap$1.onBluetoothStateChange(BluetoothPbap.java:121)
07-14 06:20:14.433 E/BluetoothPbap( 1534): 	at android.bluetooth.IBluetoothStateChangeCallback$Stub.onTransact(IBluetoothStateChangeCallback.java:55)
07-14 06:20:14.433 E/BluetoothPbap( 1534): 	at android.os.Binder.execTransact(Binder.java:446)
07-14 06:20:14.434 D/BluetoothAvrcpController(  585): onBluetoothStateChange: up=false
07-14 06:20:14.434 E/BluetoothAvrcpController(  585): 
07-14 06:20:14.434 E/BluetoothAvrcpController(  585): java.lang.IllegalArgumentException: Service not registered: android.bluetooth.BluetoothAvrcpController$2@1ecf7767
07-14 06:20:14.434 E/BluetoothAvrcpController(  585): 	at android.app.LoadedApk.forgetServiceDispatcher(LoadedApk.java:1029)
07-14 06:20:14.434 E/BluetoothAvrcpController(  585): 	at android.app.ContextImpl.unbindService(ContextImpl.java:1808)
07-14 06:20:14.434 E/BluetoothAvrcpController(  585): 	at android.content.ContextWrapper.unbindService(ContextWrapper.java:551)
07-14 06:20:14.434 E/BluetoothAvrcpController(  585): 	at android.bluetooth.BluetoothAvrcpController$1.onBluetoothStateChange(BluetoothAvrcpController.java:80)
07-14 06:20:14.434 E/BluetoothAvrcpController(  585): 	at android.bluetooth.IBluetoothStateChangeCallback$Stub.onTransact(IBluetoothStateChangeCallback.java:55)
07-14 06:20:14.434 E/BluetoothAvrcpController(  585): 	at android.os.Binder.execTransact(Binder.java:446)
07-14 06:20:14.434 D/BluetoothA2dp(  585): onBluetoothStateChange: up=false
07-14 06:20:14.435 E/BluetoothA2dp(  585): 
07-14 06:20:14.435 E/BluetoothA2dp(  585): java.lang.IllegalArgumentException: Service not registered: android.bluetooth.BluetoothA2dp$2@e00c281
07-14 06:20:14.435 E/BluetoothA2dp(  585): 	at android.app.LoadedApk.forgetServiceDispatcher(LoadedApk.java:1029)
07-14 06:20:14.435 E/BluetoothA2dp(  585): 	at android.app.ContextImpl.unbindService(ContextImpl.java:1808)
07-14 06:20:14.435 E/BluetoothA2dp(  585): 	at android.content.ContextWrapper.unbindService(ContextWrapper.java:551)
07-14 06:20:14.435 E/BluetoothA2dp(  585): 	at android.bluetooth.BluetoothA2dp$1.onBluetoothStateChange(BluetoothA2dp.java:126)
07-14 06:20:14.435 E/BluetoothA2dp(  585): 	at android.bluetooth.IBluetoothStateChangeCallback$Stub.onTransact(IBluetoothStateChangeCallback.java:55)
07-14 06:20:14.435 E/BluetoothA2dp(  585): 	at android.os.Binder.execTransact(Binder.java:446)
07-14 06:20:14.436 D/BluetoothHeadset(  500): onBluetoothStateChange: up=false
07-14 06:20:14.436 D/BluetoothHeadset(  500): Proxy object disconnected
07-14 06:20:14.436 D/BluetoothA2dpSink(  585): onBluetoothStateChange: up=false
07-14 06:20:14.437 E/BluetoothA2dpSink(  585): 
07-14 06:20:14.437 E/BluetoothA2dpSink(  585): java.lang.IllegalArgumentException: Service not registered: android.bluetooth.BluetoothA2dpSink$2@225c4f26
07-14 06:20:14.437 E/BluetoothA2dpSink(  585): 	at android.app.LoadedApk.forgetServiceDispatcher(LoadedApk.java:1029)
07-14 06:20:14.437 E/BluetoothA2dpSink(  585): 	at android.app.ContextImpl.unbindService(ContextImpl.java:1808)
07-14 06:20:14.437 E/BluetoothA2dpSink(  585): 	at android.content.ContextWrapper.unbindService(ContextWrapper.java:551)
07-14 06:20:14.437 E/BluetoothA2dpSink(  585): 	at android.bluetooth.BluetoothA2dpSink$1.onBluetoothStateChange(BluetoothA2dpSink.java:139)
07-14 06:20:14.437 E/BluetoothA2dpSink(  585): 	at android.bluetooth.IBluetoothStateChangeCallback$Stub.onTransact(IBluetoothStateChangeCallback.java:55)
07-14 06:20:14.437 E/BluetoothA2dpSink(  585): 	at android.os.Binder.execTransact(Binder.java:446)
07-14 06:20:14.437 E/BluetoothPan( 1534): 
07-14 06:20:14.437 E/BluetoothPan( 1534): java.lang.IllegalArgumentException: Service not registered: android.bluetooth.BluetoothPan$2@1ae37e5c
07-14 06:20:14.437 E/BluetoothPan( 1534): 	at android.app.LoadedApk.forgetServiceDispatcher(LoadedApk.java:1029)
07-14 06:20:14.437 E/BluetoothPan( 1534): 	at android.app.ContextImpl.unbindService(ContextImpl.java:1808)
07-14 06:20:14.437 E/BluetoothPan( 1534): 	at android.content.ContextWrapper.unbindService(ContextWrapper.java:551)
07-14 06:20:14.437 E/BluetoothPan( 1534): 	at android.bluetooth.BluetoothPan$1.onBluetoothStateChange(BluetoothPan.java:199)
07-14 06:20:14.437 E/BluetoothPan( 1534): 	at android.bluetooth.IBluetoothStateChangeCallback$Stub.onTransact(IBluetoothStateChangeCallback.java:55)
07-14 06:20:14.437 E/BluetoothPan( 1534): 	at android.os.Binder.execTransact(Binder.java:446)
07-14 06:20:14.437 D/BluetoothA2dp(  500): onBluetoothStateChange: up=false
07-14 06:20:14.438 E/BluetoothA2dp(  500): 
07-14 06:20:14.438 E/BluetoothA2dp(  500): java.lang.IllegalArgumentException: Service not registered: android.bluetooth.BluetoothA2dp$2@20a6c2f7
07-14 06:20:14.438 E/BluetoothA2dp(  500): 	at android.app.LoadedApk.forgetServiceDispatcher(LoadedApk.java:1029)
07-14 06:20:14.438 E/BluetoothA2dp(  500): 	at android.app.ContextImpl.unbindService(ContextImpl.java:1808)
07-14 06:20:14.438 E/BluetoothA2dp(  500): 	at android.bluetooth.BluetoothA2dp$1.onBluetoothStateChange(BluetoothA2dp.java:126)
07-14 06:20:14.438 E/BluetoothA2dp(  500): 	at com.android.server.BluetoothManagerService.sendBluetoothStateCallback(BluetoothManagerService.java:710)
07-14 06:20:14.438 E/BluetoothA2dp(  500): 	at com.android.server.BluetoothManagerService.bluetoothStateChangeHandler(BluetoothManagerService.java:1386)
07-14 06:20:14.438 E/BluetoothA2dp(  500): 	at com.android.server.BluetoothManagerService.access$3300(BluetoothManagerService.java:61)
07-14 06:20:14.438 E/BluetoothA2dp(  500): 	at com.android.server.BluetoothManagerService$BluetoothHandler.handleMessage(BluetoothManagerService.java:1113)
07-14 06:20:14.438 E/BluetoothA2dp(  500): 	at android.os.Handler.dispatchMessage(Handler.java:102)
07-14 06:20:14.438 E/BluetoothA2dp(  500): 	at android.os.Looper.loop(Looper.java:135)
07-14 06:20:14.438 E/BluetoothA2dp(  500): 	at android.os.HandlerThread.run(HandlerThread.java:61)
07-14 06:20:14.438 E/BluetoothA2dp(  500): 	at com.android.server.ServiceThread.run(ServiceThread.java:46)
07-14 06:20:14.438 D/BluetoothHeadset(  500): onBluetoothStateChange: up=false
07-14 06:20:14.438 D/BluetoothHeadset(  500): Proxy object disconnected
07-14 06:20:14.439 D/BluetoothHeadset(  585): onBluetoothStateChange: up=false
07-14 06:20:14.439 D/BluetoothHeadset(  585): Proxy object disconnected
07-14 06:20:14.440 D/BluetoothInputDevice( 1534): onBluetoothStateChange: up=false
07-14 06:20:14.440 E/BluetoothInputDevice( 1534): 
07-14 06:20:14.440 E/BluetoothInputDevice( 1534): java.lang.IllegalArgumentException: Service not registered: android.bluetooth.BluetoothInputDevice$2@5b2f4cf
07-14 06:20:14.440 E/BluetoothInputDevice( 1534): 	at android.app.LoadedApk.forgetServiceDispatcher(LoadedApk.java:1029)
07-14 06:20:14.440 E/BluetoothInputDevice( 1534): 	at android.app.ContextImpl.unbindService(ContextImpl.java:1808)
07-14 06:20:14.440 E/BluetoothInputDevice( 1534): 	at android.content.ContextWrapper.unbindService(ContextWrapper.java:551)
07-14 06:20:14.440 E/BluetoothInputDevice( 1534): 	at android.bluetooth.BluetoothInputDevice$1.onBluetoothStateChange(BluetoothInputDevice.java:216)
07-14 06:20:14.440 E/BluetoothInputDevice( 1534): 	at android.bluetooth.IBluetoothStateChangeCallback$Stub.onTransact(IBluetoothStateChangeCallback.java:55)
07-14 06:20:14.440 E/BluetoothInputDevice( 1534): 	at android.os.Binder.execTransact(Binder.java:446)
07-14 06:20:14.441 E/BluetoothPan(  585): 
07-14 06:20:14.441 E/BluetoothPan(  585): java.lang.IllegalArgumentException: Service not registered: android.bluetooth.BluetoothPan$2@18ae37b2
07-14 06:20:14.441 E/BluetoothPan(  585): 	at android.app.LoadedApk.forgetServiceDispatcher(LoadedApk.java:1029)
07-14 06:20:14.441 E/BluetoothPan(  585): 	at android.app.ContextImpl.unbindService(ContextImpl.java:1808)
07-14 06:20:14.441 E/BluetoothPan(  585): 	at android.content.ContextWrapper.unbindService(ContextWrapper.java:551)
07-14 06:20:14.441 E/BluetoothPan(  585): 	at android.bluetooth.BluetoothPan$1.onBluetoothStateChange(BluetoothPan.java:199)
07-14 06:20:14.441 E/BluetoothPan(  585): 	at android.bluetooth.IBluetoothStateChangeCallback$Stub.onTransact(IBluetoothStateChangeCallback.java:55)
07-14 06:20:14.441 E/BluetoothPan(  585): 	at android.os.Binder.execTransact(Binder.java:446)
07-14 06:20:14.441 D/BluetoothManagerService(  500): Bluetooth State Change Intent: 11 -> 10
07-14 06:20:14.442 E/BluetoothManagerService(  500): recoverBluetoothServiceFromError
07-14 06:20:14.444 D/BluetoothMapService(13850): onReceive
07-14 06:20:14.451 W/ContextImpl( 1534): Calling a method in the system process without a qualified user: android.app.ContextImpl.startService:1692 android.content.ContextWrapper.startService:516 android.content.ContextWrapper.startService:516 com.android.settings.bluetooth.DockEventReceiver.beginStartingService:134 com.android.settings.bluetooth.DockEventReceiver.onReceive:115 
07-14 06:20:14.456 D/AuthorizationBluetoothService(  952): Received Bluetooth event: Intent { act=android.bluetooth.adapter.action.STATE_CHANGED flg=0x4000010 cmp=com.google.android.gms/.auth.be.proximity.authorization.bt.AuthorizationBluetoothService$BluetoothStateChangeReceiver (has extras) }.
07-14 06:20:14.476 D/DockEventReceiver( 1534): finishStartingService: stopping service
07-14 06:20:14.477 D/Index   ( 1534): Deleting data for locale 'en_US' took 4 millis
07-14 06:20:14.481 D/Index   ( 1534): Indexing locale 'en_US' took 4 millis
07-14 06:20:14.942 D/BluetoothManagerService(  500): Sending off request.
07-14 06:20:14.943 D/BluetoothAdapterState(13850): CURRENT_STATE=OFF, MESSAGE = USER_TURN_OFF
07-14 06:20:14.944 D/BluetoothManagerService(  500): Calling onBluetoothServiceDown callbacks
07-14 06:20:14.944 D/BluetoothManagerService(  500): Broadcasting onBluetoothServiceDown() to 7 receivers.
07-14 06:20:14.948 I/bt-btif (13850): HAL bt_hal_cbacks->thread_evt_cb
07-14 06:20:14.949 I/GKI_LINUX(13850): gki_task task_id=1 [BTIF] terminating
07-14 06:20:14.949 I/GKI_LINUX(13850): GKI_exit_task 1 done
07-14 06:20:14.949 I/GKI_LINUX(13850): GKI_shutdown(): task [BTIF] terminated
07-14 06:20:14.950 I/GKI_LINUX(13850): gki_task task_id=2 [A2DP-MEDIA] terminating
07-14 06:20:14.950 I/GKI_LINUX(13850): GKI_exit_task 2 done
07-14 06:20:14.950 I/BluetoothServiceJni(13850): cleanupNative: return from cleanup
07-14 06:20:14.952 I/art     (13850): System.exit called, status: 0
07-14 06:20:14.952 I/AndroidRuntime(13850): VM exiting with result code 0, cleanup skipped.
07-14 06:20:15.043 W/BluetoothManagerService(  500): Profile service for profile: ComponentInfo{com.android.bluetooth/com.android.bluetooth.hfp.HeadsetService} died.
07-14 06:20:15.044 I/ActivityManager(  500): Process com.android.bluetooth (pid 13850) has died
07-14 06:20:15.044 W/ActivityManager(  500): Scheduling restart of crashed service com.android.bluetooth/.map.BluetoothMapService in 1000ms
07-14 06:20:15.044 W/ActivityManager(  500): Scheduling restart of crashed service com.android.bluetooth/.a2dp.A2dpSinkService in 1000ms
07-14 06:20:15.045 W/ActivityManager(  500): Scheduling restart of crashed service com.android.bluetooth/.gatt.GattService in 4000ms
07-14 06:20:15.045 W/ActivityManager(  500): Scheduling restart of crashed service com.android.bluetooth/.rtkbt.RtkbtService in 1000ms
07-14 06:20:15.045 W/ActivityManager(  500): Scheduling restart of crashed service com.android.bluetooth/.hdp.HealthService in 1000ms
07-14 06:20:15.045 W/ActivityManager(  500): Scheduling restart of crashed service com.android.bluetooth/.hid.HidService in 1000ms
07-14 06:20:15.045 W/ActivityManager(  500): Scheduling restart of crashed service com.android.bluetooth/.pan.PanService in 1000ms
07-14 06:20:15.045 W/ActivityManager(  500): Scheduling restart of crashed service com.android.bluetooth/.a2dp.A2dpService in 1000ms
07-14 06:20:15.045 W/ActivityManager(  500): Scheduling restart of crashed service com.android.bluetooth/.avrcp.AvrcpControllerService in 1000ms
07-14 06:20:15.046 W/ActivityManager(  500): Scheduling restart of crashed service com.android.bluetooth/.hfp.HeadsetService in 1000ms
07-14 06:20:17.950 D/BluetoothManagerService(  500): Message: 42
07-14 06:20:17.950 D/BluetoothManagerService(  500): MESSAGE_RESTART_BLUETOOTH_SERVICE: Restart IBluetooth service
07-14 06:20:17.990 I/ActivityManager(  500): Start proc 13889:com.android.bluetooth/1002 for service com.android.bluetooth/.btservice.AdapterService
07-14 06:20:18.009 I/art     (  218): Explicit concurrent mark sweep GC freed 709(30KB) AllocSpace objects, 0(0B) LOS objects, 91% free, 92KB/1116KB, paused 270us total 18.113ms
07-14 06:20:18.023 W/ResourcesManager(13889): Asset path '/system/framework/javax.obex.jar' does not exist or contains no resources.
07-14 06:20:18.027 I/art     (  218): Explicit concurrent mark sweep GC freed 5(160B) AllocSpace objects, 0(0B) LOS objects, 91% free, 92KB/1116KB, paused 304us total 18.232ms
07-14 06:20:18.043 D/BluetoothManagerService(  500): Message: 401
07-14 06:20:18.045 I/art     (  218): Explicit concurrent mark sweep GC freed 5(160B) AllocSpace objects, 0(0B) LOS objects, 91% free, 92KB/1116KB, paused 275us total 16.899ms
07-14 06:20:18.046 E/RTKBT   (13889): jniRegisterNativeMethods
07-14 06:20:18.053 D/AdapterServiceConfig(13889): Adding RtkbtService
07-14 06:20:18.053 D/AdapterServiceConfig(13889): Adding HeadsetService
07-14 06:20:18.053 D/AdapterServiceConfig(13889): Adding A2dpService
07-14 06:20:18.053 D/AdapterServiceConfig(13889): Adding A2dpSinkService
07-14 06:20:18.053 D/AdapterServiceConfig(13889): Adding HidService
07-14 06:20:18.054 D/AdapterServiceConfig(13889): Adding HealthService
07-14 06:20:18.054 D/AdapterServiceConfig(13889): Adding PanService
07-14 06:20:18.054 D/AdapterServiceConfig(13889): Adding GattService
07-14 06:20:18.054 D/AdapterServiceConfig(13889): Adding BluetoothMapService
07-14 06:20:18.054 D/AdapterServiceConfig(13889): Adding AvrcpControllerService
07-14 06:20:18.069 D/BluetoothManagerService(  500): Message: 20
07-14 06:20:18.070 D/BluetoothManagerService(  500): Added callback: android.bluetooth.IBluetoothManagerCallback$Stub$Proxy@2b2b748d:true
07-14 06:20:18.070 D/BluetoothAdapterState(13889): make
07-14 06:20:18.074 I/bluedroid(13889): init
07-14 06:20:18.074 I/BluetoothAdapterState(13889): Entering OffState
07-14 06:20:18.076 I/bte_conf(13889): bte_load_conf attempt to load stack conf from /etc/bluetooth/bt_stack.conf
07-14 06:20:18.076 I/        (13889): BTE_InitTraceLevels -- TRC_HCI
07-14 06:20:18.076 I/        (13889): BTE_InitTraceLevels -- TRC_L2CAP
07-14 06:20:18.076 I/        (13889): BTE_InitTraceLevels -- TRC_RFCOrtk_btusb: btchr_open: BT usb char device is opening
MM
07-14 06:20:18.076 I/        rtk_btusb: hci_dev_open: dev 0
(13889): BTE_InitTraceLevels -- Trtk_btusb:  btchr_ioctl DOWN_FW_CFG with Cmd:1074022601
rtk_btusb: btchr_poll: BT usb char device is polling
RC_AVCT
07-14 06:20:18.076 W/bt-rtk_btusb: download_patch: Download fw patch start, cached 1
avp  (13889): avct_cb.trace_levelrtk_btusb: get_firmware: start, cached 1,patch_entry->fw_len= 0
 = 2
07-14 06:20:18.076 I/      rtk_btusb: load_firmware: start
  (13889): BTE_InitTraceLevels --rtk_btusb: load_firmware: Default lmp version = 0x8821, config file name[rtl8821a_config], fw file name[rtl8821a_fw]
 TRC_AVDT
07-14 06:20:18.076 I/ usb 1-1.4.4: Direct firmware load failed with error -2
       (13889): BTE_InitTraceLeveusb 1-1.4.4: Falling back to user helper
ls -- TRC_AVRC
07-14 06:20:18.07rtk_btusb: load_firmware: epatch_buf = vmalloc(cfg->size)
6 I/        (13889): BTE_InitTracusb 1-1.4.4: Direct firmware load failed with error -2
eLevels -- TRC_A2D
07-14 06:20:1usb 1-1.4.4: Falling back to user helper
8.076 I/        (13889): BTE_Initrtk_btusb: load_firmware: epatch_buf = vmalloc(fw->size, GFP_KERNEL)
TraceLevels -- TRC_BNEP
07-14 06rtk_btusb: load_firmware: Not 8723a -> use new style patch
:20:18.076 I/        (13889): BTErtk_btusb: load_firmware: reset_channel before get_eversion from bt controller
_InitTraceLevels -- TRC_BTM
07-14 06:20:18.076 I/        (13889): BTE_InitTraceLevels -- TRC_GAP
07-14 06:20:18.076 I/        (13889): BTE_InitTraceLevels -- TRC_PAN
07-14 06:20:18.076 I/        (13889): BTE_InitTraceLevels -- TRC_SDP
07-14 06:20:18.076 I/        (13889): BTE_InitTraceLevels -- TRC_GATT
07-14 06:20:18.076 I/        (13889): BTE_InitTraceLevels -- TRC_SMP
07-14 06:20:18.076 I/        (13889): BTE_InitTraceLevels -- TRC_BTAPP
07-14 06:20:18.076 I/        (13889): BTE_InitTraceLevels -- TRC_BTIF
07-14 06:20:18.076 I/        (13889): BTE_InitTraceLevels -- TRC_HID
07-14 06:20:18.076 I/bte_conf(13889): bte_load_rtkbt_conf attempt to load rtkbt conf from /etc/bluetooth/rtkbt.crtk_btusb: reset_channel: status 0 
onf
07-14 06:20:18.077 I/bte_conf(13889): bte_load_ble_conf attempt to load ble stack conf from /etc/bluetooth/ble_stack.conf
07-14 06:20:18.077 E/bt_osi_config(13889): config_new unable to open file '/etc/bluetooth/ble_stack.conf': No such file or directory
07-14 06:20:18.077 I/bte_conf(13889): bte_load_ble_conf file >/etc/bluetooth/ble_stack.conf< not found
07-14 06:20:18.077 I/bluedroid(13889): get_profile_interface socket
07-14 06:20:18.077 I/bluedroid(13889): get_profile_interface map_client
07-14 06:20:18.077 I/GKI_LINUX(13889): gki_task_entry task_id=1 [BTIF] starting
07-14 06:20:18.077 I/bt-btif (13889): HAL bt_hal_cbacks->thread_evt_cb
07-14 06:20:18.078 I/bt-btif (13889): HAL bt_hal_cbacks->adapter_properties_cb
07-14 06:20:18.080 D/BluetoothAdapterProperties(13889): Address is:54:C9:DF:6C:9D:53
07-14 06:20:18.080 I/bt-btif (13889): HAL bt_hal_cbacks->adapter_properties_cb
07-14 06:20:18.081 D/BluetoothManagerService(  500): BluetoothServiceConnection: com.android.bluetooth.btservice.AdapterService
07-14 06:20:18.081 D/BluetoothManagerService(  500): Message: 40
07-14 06:20:18.081 D/BluetoothManagerService(  500): MESSAGE_BLUETOOTH_SERVICE_CONNECTED: 1
07-14 06:20:18.082 D/BluetoothAdapterProperties(13889): Name is: 54C9DF6C9D53
07-14 06:20:18.082 D/BluetoothManagerService(  500): Bluetooth Adapter name changed to 54C9DF6C9D53
07-14 06:20:18.082 D/BluetoothManagerService(  500): Stored Bluetooth name: 54C9DF6C9D53
07-14 06:20:18.082 I/bluedroid(13889): config_hci_snoop_log
07-14 06:20:18.083 D/BluetoothManagerService(  500): Calling onBluetoothServiceUp callbacks
07-14 06:20:18.083 D/BluetoothManagerService(  500): Broadcasting onBluetoothServiceUp() to 7 receivers.
07-14 06:20:18.086 D/BluetoothAdapterState(13889): CURRENT_STATE=OFF, MESSAGE = USER_TURN_ON
07-14 06:20:18.086 D/BluetoothAdapterProperties(13889): Setting state to 11
07-14 06:20:18.086 I/BluetoothAdapterState(13889): Bluetooth adapter state changed: 10-> 11
07-14 06:20:18.088 D/BluetoothBondStateMachine(13889): make
07-14 06:20:18.088 D/BluetoothManagerService(  500): Message: 60
07-14 06:20:18.088 D/BluetoothManagerService(  500): MESSAGE_BLUETOOTH_STATE_CHANGE: prevState = 10, newState=11
07-14 06:20:18.088 D/BluetoothManagerService(  500): Bluetooth State Change Intent: 10 -> 11
07-14 06:20:18.092 I/BluetoothBondStateMachine(13889): StableState(): Entering Off State
07-14 06:20:18.096 D/RtkbtService(13889): initBinder()
07-14 06:20:18.097 D/BluetoothAdapterService(13889): getAdapterService() - returning com.android.bluetooth.btservice.AdapterService@5b2f4cf
07-14 06:20:18.104 D/RtkbtService(13889): Received start request. Starting profile...
07-14 06:20:18.104 D/RtkbtService(13889): start RTKBT Service
07-14 06:20:18.104 I/RTKBT   (13889): InitNative
07-14 06:20:18.104 I/bluedroid(13889): get_profile_interface rtkbt
07-14 06:20:18.104 I/bt-btif (13889): btif_rtkbt_get_interface
07-14 06:20:18.104 I/bt-btif (13889): init RTKBT_API_VERSION: 01010100
07-14 06:20:18.105 I/bt-btif (13889): loadconfig(/system/etc/bluetooth//rtkbt_plugin_.conf) ... 
07-14 06:20:18.105 I/RTKBT_API(13889): rtkbt_loadconfig(/system/etc/bluetooth//rtkbt_plugin_.conf) load!
07-14 06:20:18.105 W/RTKBT_API(13889): rtkbt_loadconfig(/system/etc/bluetooth//rtkbt_plugin_.conf) open fail!
07-14 06:20:18.105 I/bt-btif (13889): loadplugins(/system/lib/rtkbt/.so) ... 
07-14 06:20:18.105 E/bt-btif (13889): dlopen(/system/lib/rtkbt/.so) fail!
07-14rtk_btusb: reset_channel: Wait channel reset for 300ms
 06:20:18.105 E/RTKBT   (13889): rtk_btusb: load_firmware: get_eversion from bt controller
Bluetooth rtkbt successfully
07-rtk_btusb: get_eversion: status 0, eversion 1
14 06:20:18.105 D/RtkbtService(13rtk_btusb: load_firmware: Get eversion =1
889): setRtkbtService(): set to: rtk_btusb: data = 0x2
com.android.bluetooth.rtkbt.Rtkbtrtk_btusb: load_firmware: opcode = 0x0, length = 0x1, data = 0x2
Service@2b277c1d
07-14 06:20:18.rtk_btusb: load_firmware: Default lmp_version 0x8821, project_id[2] 0x8821 -> match
112 D/BluetoothAdapterService(138rtk_btusb: load_firmware: lmp version 0x73f8, fw_version 0xe3e73f8, number_of_total_patch 2
89): getAdapterService() - returnrtk_btusb: BTCOEX:20140306-0x4b50 svn version:0x00003475 fw version:0x0e3e73f8 rtk_btusb version:4.0.0 Cut:2, patch length:0x58d0, patch offset:0x00005040

ing com.android.bluetooth.btservirtk_btusb: buf_len = 0x591b
ce.AdapterService@5b2f4cf
07-14 rtk_btusb: load_firmware: vfree(epatch_buf)
06:20:18.112 D/AuthorizationBluetrtk_btusb: load_firmware: vfree(config_file_buf)
oothService(  952): Received Bluertk_btusb: load_firmware: fw exists, config file exists
tooth event: Intent { act=androidrtk_btusb: load_firmware: done
.bluetooth.adapter.action.STATE_Crtk_btusb: download_patch:Check RTK_PATCH_LENGTH fw_info->fw_len:22811
HANGED flg=0x4000010 cmp=com.googrtk_btusb: check_fw_version: Controller lmp = 0x73f8, patch lmp = 0x73f8, default patch lmp = 0x8821
le.android.gms/.auth.be.proximityrtk_btusb: check_fw_version: Warm BT controller startup with same lmp
.authorization.bt.AuthorizationBlrtk_btusb: btusb_open: Start, PM usage count 0
uetoothService$BluetoothStateChanrtk_btusb: btusb_submit_intr_urb: mMaxPacketSize 16, bEndpointAddress 0x81
geReceiver (has extras) }.
07-14rtk_btusb: btusb_submit_bulk_urb: hdev name hci0
 06:20:18.113 D/HeadsetService(13rtk_btusb: btusb_submit_bulk_urb: hdev name hci0
889): Received start request. Startk_btusb: btusb_open: End, PM usage count 0
rting profile...
07-14 06:20:18.115 I/BluetoothHeadsetServiceJnirtk_btusb: btchr_write: BT usb char device is writing
(13889): classInitNative: succeedrtk_btusb: btusb_send_frame: hdev c3294000, btusb data d0e72e10, pkt type 1
s
07-14 06:20:18.115 D/HeadsetStateMachine(13889): make
07-14 06:20:18.129 I/BluetoothAdapterState(13889): Entering PendingCommandState State: isTurningOn()=true, isTurningOff()=false
07-14 06:20:18.131 D/HeadsetStateMachine(13889): max_hf_connections = 1
07-14 06:20:18.131 I/bluedroid(13889): get_profile_interface handsfree
